// Jest Snapshot v1, https://goo.gl/fbAQLP

exports[`renders correctly when there are no items 1`] = `
<div>
  <h3>
    News Feed
  </h3>
  <div
    className="row pt-5"
  >
    <div
      className="col-12 col-lg-6 offset-lg-3"
    />
  </div>
</div>
`;
